// Jest Snapshot v1, https://goo.gl/fbAQLP

exports[`Pruebas en <GifItem /> debe de hacer match con el snapshot 1`] = `
<div>
  <div
    class="card"
  >
    <img
      class="card-img-top"
      src="https://web-gifs.com/saitama.jpg"
    />
    <div
      class="card-body"
    >
      <div
        class="card-title h5"
      >
        Sitama
      </div>
    </div>
  </div>
</div>
`;
